=== RUN   TestDbApiGetDonor_Integration
2026/02/16 12:02:04 Creating connection pool...
    donor_test.go:29: expected 1 result, got 0
--- FAIL: TestDbApiGetDonor_Integration (0.12s)
FAIL
FAIL	sadbhavana/tree-project/pkgs/db	0.163s
FAIL
